// Vitest Snapshot v1

exports[`Button > should render 1`] = `"<button _rounded=\\"\\" _inline-block=\\"\\" _p=\\"x4 y.5\\" _fw600=\\"\\" _bg-accent-interactive=\\"\\" _text-accent-interactive-contrast=\\"\\" _transition-colors=\\"\\" _cursor-pointer=\\"\\" _select-none=\\"\\" _disabled:pointer-events-none=\\"\\">abc</button>"`;
